test insert!!!!
test update!!!!
